// Jest Snapshot v1, https://goo.gl/fbAQLP

exports[`Feature: 1. As a library member I want to know if an item is available for requesting 
    Scenario: I'm viewing a work page
      Given the work has a requestable item
      And it's available to request
      Then I can see that it's requestable
   1`] = `
<span
  data-test-id="itemStatus"
>
  Available
</span>
`;

exports[`Feature: 1. As a library member I want to know if an item is available for requesting 
    Scenario: I'm viewing a work page
      Given the work has a requestable item
      And itâ€™s unavailable to request
      Then I can see a that it's temporarily unavailable
   1`] = `
<span
  data-test-id="itemStatus"
>
  On holdshelf
</span>
`;

exports[`Feature: 1. As a library member I want to know if an item is available for requesting 
    Scenario: I'm viewing a work page
      Given the work has no requestable items
      Then I can see a that it's not requestable and why (closed or open shelves or unknown)
   1`] = `
<span
  data-test-id="itemStatus"
>
  Missing
</span>
`;
